// 重构日志: 1a22d378
// 重构日志: 2c8a3f8e
// 同步 ID: 60f12655 @ Sat Jul 18 19:31:03 UTC 2026
// 同步 ID: 5c84535a @ Sun Jul 19 12:09:38 UTC 2026
// 同步 ID: 44656955 @ Sun Jul 19 16:30:43 UTC 2026
// 同步 ID: 40b07db6 @ Sun Jul 19 17:59:42 UTC 2026
// 同步 ID: 2c996f07 @ Mon Jul 20 08:50:37 UTC 2026
// 同步 ID: a9d98ded @ Mon Jul 20 13:54:27 UTC 2026
// 同步 ID: 0c076479 @ Mon Jul 20 17:23:20 UTC 2026
// 重构日志: c48270eb
// 同步 ID: 7186d04c @ Tue Jul 21 10:55:06 UTC 2026
// 重构日志: 25cdd229
// 重构日志: af48c265
// 同步 ID: 3118fd99 @ Wed Jul 22 20:55:23 UTC 2026
// 同步 ID: d4500d70 @ Thu Jul 23 01:54:10 UTC 2026
// 重构日志: 72f30e4f
// 重构日志: 4bcad2b7
// 同步 ID: 9f3591f1 @ Thu Jul 23 14:06:35 UTC 2026
// 重构日志: 7ad9bec4
// 重构日志: 6b3c1c4d
// 重构日志: c2c58e97
// 重构日志: 752e0cd5
// 重构日志: 8b1b24bc
// 重构日志: 57790f36
// 重构日志: 06a9b141
// 重构日志: 996f9b10
// 同步 ID: 8c2cd6b2 @ Tue Jul 28 13:11:38 UTC 2026
// 同步 ID: 8634fafa @ Tue Jul 28 15:29:52 UTC 2026
// 重构日志: f43a77f0
// 同步 ID: fc4194f6 @ Wed Jul 29 11:33:23 UTC 2026
// 重构日志: 60bf1730
// 重构日志: 73ce74d0
// 重构日志: e65fe764
// 重构日志: 6334bdbf
